#                                                               --- full sequence ---- --- best 1 domain ---- --- domain number estimation ----
# target name        accession  query name           accession    E-value  score  bias   E-value  score  bias   exp reg clu  ov env dom rep inc description of target
#------------------- ---------- -------------------- ---------- --------- ------ ----- --------- ------ -----   --- --- --- --- --- --- --- --- ---------------------
g1018.t1             -          Adap_comp_sub        PF00928.24   3.2e-86  289.1   5.7   4.4e-86  288.6   5.7   1.2   1   0   0   1   1   1   1 -
g1016.t1             -          ANAPC4_WD40          PF12894.10   1.3e-10   41.6   1.3   0.00018   21.8   0.1   4.9   1   1   3   4   4   1   1 -
g1010.t1             -          Arf                  PF00025.24   6.6e-21   74.7   0.0   8.1e-21   74.4   0.0   1.1   1   0   0   1   1   1   1 -
g1017.t1             -          ATP-synt             PF00231.22   2.7e-74  250.5   7.8   3.1e-74  250.3   7.8   1.0   1   0   0   1   1   1   1 -
g1018.t1             -          Clat_adaptor_s       PF01217.23   7.3e-06   26.1   7.8   1.7e-05   24.9   7.1   2.0   1   1   0   1   1   1   1 -
g1014.t1             -          Complex1_LYR         PF05347.18   1.1e-09   38.4   1.1   1.3e-09   38.1   1.1   1.1   1   0   0   1   1   1   1 -
g1009.t1             -          EMC7_beta-sandw      PF09430.13   1.6e-23   83.3   1.4   2.2e-23   82.8   1.4   1.2   1   0   0   1   1   1   1 -
g1000.t1             -          FtsJ                 PF01728.22   8.8e-49  166.2   0.0   1.1e-48  165.8   0.0   1.1   1   0   0   1   1   1   1 -
g1010.t1             -          Gtr1_RagA            PF04670.15   1.1e-08   34.9   0.0   1.6e-08   34.4   0.0   1.3   1   0   0   1   1   1   1 -
g1002.t1             -          IGR                  PF09597.13   3.3e-05   24.1   0.1   6.8e-05   23.0   0.1   1.6   1   0   0   1   1   0   0 -
g1016.t1             -          LisH_TPL             PF17814.4    5.7e-11   42.0   0.1   1.2e-10   40.9   0.1   1.6   1   0   0   1   1   1   1 -
g1010.t1             -          MMR_HSR1             PF01926.26   8.4e-05   22.8   0.1    0.0003   21.0   0.0   1.9   2   0   0   2   2   0   0 -
g1004.t1             -          OSCP                 PF00213.21   3.8e-40  137.9   2.2     5e-40  137.5   2.2   1.2   1   0   0   1   1   1   1 -
g1001.t1             -          Pep3_Vps18           PF05131.17   1.3e-12   47.9   5.2   1.3e-12   47.9   5.2   2.8   2   0   0   2   2   1   1 -
